// Jest Snapshot v1, https://goo.gl/fbAQLP

exports[`View Renderer : ViewOverride Test  Should render with all of the props 1`] = `
<div>
  <div>
    <table>
      <tbody />
    </table>
  </div>
</div>
`;
